// Vitest Snapshot v1, https://vitest.dev/guide/snapshot.html

exports[`tests UsersPage > sort users in table 1`] = `
[
  <tr
    data-testid="table-row"
  >
    <td>
      <div
        class="_user_f049fe"
      >
        <span
          aria-hidden="true"
          class="_avatar_f049fe"
        >
          A
        </span>
        <span
          class="_name_f049fe"
        >
          Alex
        </span>
      </div>
    </td>
    <td
      class="_email_f049fe"
    >
      alex@test.com
    </td>
    <td
      class="_role_f049fe"
    >
      admin
    </td>
    <td>
      <span
        class="_status_f049fe _active_f049fe"
      >
        active
      </span>
    </td>
    <td>
      <div
        class="_actions_f049fe"
      >
        <a
          class="text-xl"
          data-discover="true"
          href="/users/1"
        >
          View
        </a>
      </div>
    </td>
  </tr>,
  <tr
    data-testid="table-row"
  >
    <td>
      <div
        class="_user_f049fe"
      >
        <span
          aria-hidden="true"
          class="_avatar_f049fe"
        >
          D
        </span>
        <span
          class="_name_f049fe"
        >
          Dima
        </span>
      </div>
    </td>
    <td
      class="_email_f049fe"
    >
      dima@test.com
    </td>
    <td
      class="_role_f049fe"
    >
      admin
    </td>
    <td>
      <span
        class="_status_f049fe _active_f049fe"
      >
        active
      </span>
    </td>
    <td>
      <div
        class="_actions_f049fe"
      >
        <a
          class="text-xl"
          data-discover="true"
          href="/users/1"
        >
          View
        </a>
      </div>
    </td>
  </tr>,
]
`;
